#-----------------------------------------------------------
# Vivado v2023.2.2 (64-bit)
# SW Build 4126759 on Thu Feb  8 23:53:51 MST 2024
# IP Build 4126054 on Fri Feb  9 11:39:09 MST 2024
# SharedData Build 4115275 on Tue Jan 30 00:40:57 MST 2024
# Start of session at: Wed Feb 28 23:47:05 2024
# Process ID: 11680
# Current directory: C:/Users/sebi/OneDrive - Technical University of Cluj-Napoca/Documents/Facultate/Anul 2/Semestrul 2/CA - Computer Architecture/utcn-ca-labs/lab_1/lab_1.runs/synth_1
# Command line: vivado.exe -log counter_with_enable.vds -product Vivado -mode batch -messageDb vivado.pb -notrace -source counter_with_enable.tcl
# Log file: C:/Users/sebi/OneDrive - Technical University of Cluj-Napoca/Documents/Facultate/Anul 2/Semestrul 2/CA - Computer Architecture/utcn-ca-labs/lab_1/lab_1.runs/synth_1/counter_with_enable.vds
# Journal file: C:/Users/sebi/OneDrive - Technical University of Cluj-Napoca/Documents/Facultate/Anul 2/Semestrul 2/CA - Computer Architecture/utcn-ca-labs/lab_1/lab_1.runs/synth_1\vivado.jou
# Running On: zenbook-sebi, OS: Windows, CPU Frequency: 2496 MHz, CPU Physical cores: 12, Host memory: 16785 MB
#-----------------------------------------------------------
source counter_with_enable.tcl -notrace
